// Jest Snapshot v1, https://goo.gl/fbAQLP

exports[`Forms component form snapshot 1`] = `
<form
  class="w-full"
  data-testid="form"
>
  <div
    class="flex flex-wrap -mx-3 mb-6"
  >
    <div
      class="w-full md:w-1/2 px-3 mb-6 md:mb-0"
    >
      <label
        class="block uppercase tracking-wide text-gray-700 text-xs font-bold mb-2"
        for="grid-first-name"
      >
        Title
      </label>
      <input
        class="appearance-none block w-full bg-gray-200 text-gray-700 border border-gray-200 rounded py-3 px-4 mb-3 leading-tight focus:outline-none focus:bg-white focus:border-gray-500"
        data-testid="title"
        id="grid-title"
        placeholder="Add title"
        type="text"
      />
    </div>
    <div
      class="w-full md:w-1/2 px-3 mb-6 md:mb-0"
    >
      <label
        class="block uppercase tracking-wide text-gray-700 text-xs font-bold mb-2"
        for="grid-state"
      >
        Category
      </label>
      <div
        class="relative"
      >
        <select
          class="block appearance-none w-full bg-gray-200 border border-gray-200 text-gray-700 py-3 px-4 pr-8 rounded leading-tight focus:outline-none focus:bg-white focus:border-gray-500"
          id="grid-category"
        >
          <option
            disabled=""
            selected=""
            value=""
          >
            Choose category
          </option>
          <option
            value="men's clothing"
          >
            men's clothing
          </option>
          <option
            value="jewelery"
          >
            jewelery
          </option>
          <option
            value="electronics"
          >
            electronics
          </option>
          <option
            value="women's clothing"
          >
            women's clothing
          </option>
        </select>
        <div
          class="pointer-events-none absolute inset-y-0 right-0 flex items-center px-2 text-gray-700"
        >
          <svg
            class="fill-current h-4 w-4"
            viewBox="0 0 20 20"
            xmlns="http://www.w3.org/2000/svg"
          >
            <path
              d="M9.293 12.95l.707.707L15.657 8l-1.414-1.414L10 10.828 5.757 6.586 4.343 8z"
            />
          </svg>
        </div>
      </div>
    </div>
  </div>
  <div
    class="flex flex-wrap -mx-3 mb-6"
  >
    <div
      class="w-full px-3"
    >
      <label
        class="block uppercase tracking-wide text-gray-700 text-xs font-bold mb-2"
        for="grid-description"
      >
        Description
      </label>
      <input
        class="appearance-none block w-full bg-gray-200 text-gray-700 border border-gray-200 rounded py-3 px-4 mb-3 leading-tight focus:outline-none focus:bg-white focus:border-gray-500"
        id="grid-description"
        placeholder="Write description"
        type="text"
      />
    </div>
  </div>
  <div
    class="flex flex-wrap -mx-3"
  >
    <div
      class="w-full md:w-2/3 px-3"
    >
      <label
        class="block uppercase tracking-wide text-gray-700 text-xs font-bold mb-2"
        for="grid-image"
      >
        Upload image
      </label>
      <input
        class="appearance-none block w-full bg-gray-200 text-gray-700 border border-gray-200 rounded py-3 px-4 mb-3 leading-tight focus:outline-none focus:bg-white focus:border-gray-500"
        id="grid-image"
        placeholder="Please choose an image"
        type="file"
      />
    </div>
    <div
      class="w-full md:w-1/3 px-3"
    >
      <label
        class="block uppercase tracking-wide text-gray-700 text-xs font-bold mb-2"
        for="grid-date"
      >
        Date of delivery
      </label>
      <div
        class="datepicker relative form-floating mb-3"
        data-mdb-toggle-button="false"
      >
        <input
          class="appearance-none block w-full bg-gray-200 text-gray-700 border border-gray-200 rounded py-3 px-4 mb-3 leading-tight focus:outline-none focus:bg-white focus:border-gray-500"
          placeholder="Select a date"
          type="Date"
        />
        <button
          class="datepicker-toggle-button"
          data-mdb-toggle="datepicker"
        >
          <i
            class="fas fa-calendar datepicker-toggle-icon"
          />
        </button>
      </div>
    </div>
  </div>
  <div
    class="flex flex-wrap -mx-3 mb-2"
  >
    <div
      class="w-full md:w-1/3 px-3"
    >
      <label
        class="block uppercase tracking-wide text-gray-700 text-xs font-bold mb-2"
        for="grid-last-name"
      >
        Price
      </label>
      <input
        class="appearance-none block w-full bg-gray-200 text-gray-700 border border-gray-200 rounded py-3 px-4 leading-tight focus:outline-none focus:bg-white focus:border-gray-500"
        id="grid-price"
        placeholder="Add price"
        type="text"
      />
    </div>
    <div
      class="w-full md:w-3/6 px-3"
    >
      <label
        class="block uppercase tracking-wide text-gray-700 text-xs font-bold mb-2"
        for="grid-sale"
      >
        Notification
      </label>
      <div
        class="form-check"
      >
        <input
          checked=""
          class="px-3-2 w-4 h-4 text-blue-400 bg-gray-100 rounded border-gray-300"
          id="flexCheckIndeterminate"
          type="checkbox"
        />
        <label
          class="form-check-label ml-2 text-gray-800"
          for="flexCheckIndeterminate"
        >
          Add notifications for customers about promo
        </label>
      </div>
    </div>
    <div
      class="w-full md:w-1/6 px-3"
    >
      <label
        class="block uppercase tracking-wide text-gray-700 text-xs font-bold mb-2"
        for="grid-sale"
      >
        Sale
      </label>
      <div
        class=""
      >
        <div
          class="flex"
        >
          <label
            class="inline-flex relative items-center mr-5 cursor-pointer"
          >
            <input
              checked=""
              class="sr-only peer"
              name="sale"
              readonly=""
              type="checkbox"
            />
            <div
              class="w-11 h-6 bg-gray-200 rounded-full peer  peer-focus:ring-blue-400  peer-checked:after:translate-x-full peer-checked:after:border-white after:content-[''] after:absolute after:top-0.5 after:left-[2px] after:bg-white after:border-gray-300 after:border after:rounded-full after:h-5 after:w-5 after:transition-all peer-checked:bg-blue-400"
            />
            <span
              class="ml-2 text-sm font-medium text-gray-900"
            >
              ON
            </span>
          </label>
        </div>
      </div>
    </div>
  </div>
  <button
    class="bg-green-400 py-4 my-6 px-16"
    data-testid="btn-submit"
    type="submit"
  >
    Submit
    <svg
      aria-hidden="true"
      class="svg-inline--fa fa-square-plus px-2"
      data-icon="square-plus"
      data-prefix="fas"
      focusable="false"
      role="img"
      viewBox="0 0 448 512"
      xmlns="http://www.w3.org/2000/svg"
    >
      <path
        d="M64 32C28.7 32 0 60.7 0 96V416c0 35.3 28.7 64 64 64H384c35.3 0 64-28.7 64-64V96c0-35.3-28.7-64-64-64H64zM200 344V280H136c-13.3 0-24-10.7-24-24s10.7-24 24-24h64V168c0-13.3 10.7-24 24-24s24 10.7 24 24v64h64c13.3 0 24 10.7 24 24s-10.7 24-24 24H248v64c0 13.3-10.7 24-24 24s-24-10.7-24-24z"
        fill="currentColor"
      />
    </svg>
  </button>
</form>
`;
